Information: Propagating switching activity (low effort zero delay simulation). (PWR-6)
Warning: Design has unannotated primary inputs. (PWR-414)
Warning: Design has unannotated sequential cell outputs. (PWR-415)
Warning: Design has unannotated black box outputs. (PWR-428)
 
****************************************
Report : power
        -analysis_effort low
Design : pe
Version: T-2022.03-SP3
Date   : Thu Dec  7 14:22:46 2023
****************************************


Library(s) Used:

    gtech (File: /usr/caen/synopsys-synth-2022.03-SP3/libraries/syn/gtech.db)


Operating Conditions: tt1p05v25c   Library: saed32rvt_tt1p05v25c
Wire Load Model Mode: enclosed

Design        Wire Load Model            Library
------------------------------------------------
pe                     ForQA             saed32rvt_tt1p05v25c
*EQ_UNS_OP_4_5_1       ForQA             saed32rvt_tt1p05v25c
DW01_cmp6_width5       ForQA             saed32rvt_tt1p05v25c
*ADD_UNS_OP_4_1_4      ForQA             saed32rvt_tt1p05v25c
DW01_inc_width4        ForQA             saed32rvt_tt1p05v25c
*ADD_UNS_OP_2_1_2      ForQA             saed32rvt_tt1p05v25c
DW01_inc_width2        ForQA             saed32rvt_tt1p05v25c
*EQ_UNS_OP_6_6_1       ForQA             saed32rvt_tt1p05v25c
DW01_cmp6_width6       ForQA             saed32rvt_tt1p05v25c
DW01_cmp6_width5       ForQA             saed32rvt_tt1p05v25c
*ADD_UNS_OP_4_1_5      ForQA             saed32rvt_tt1p05v25c
DW01_inc_width5        ForQA             saed32rvt_tt1p05v25c
*GT_UNS_OP_5_4_1       ForQA             saed32rvt_tt1p05v25c
DW01_cmp2_width5       ForQA             saed32rvt_tt1p05v25c
*ADD_UNS_OP_4_3_5      ForQA             saed32rvt_tt1p05v25c
DW01_add_width5        ForQA             saed32rvt_tt1p05v25c
DW01_cmp2_width5       ForQA             saed32rvt_tt1p05v25c
*ADD_UNS_OP_4_3_4      ForQA             saed32rvt_tt1p05v25c
DW01_add_width4        ForQA             saed32rvt_tt1p05v25c
*SUB_UNS_OP_4_4_4      ForQA             saed32rvt_tt1p05v25c
DW01_sub_width4        ForQA             saed32rvt_tt1p05v25c
DW01_add_width4        ForQA             saed32rvt_tt1p05v25c
DW01_inc_width4        ForQA             saed32rvt_tt1p05v25c
DW01_sub_width4        ForQA             saed32rvt_tt1p05v25c
DW01_inc_width4        ForQA             saed32rvt_tt1p05v25c
DW01_cmp6_width5       ForQA             saed32rvt_tt1p05v25c
*ADD_UNS_OP_4_4_5      ForQA             saed32rvt_tt1p05v25c
DW01_add_width5        ForQA             saed32rvt_tt1p05v25c
*GEQ_UNS_OP_5_4_1      ForQA             saed32rvt_tt1p05v25c
DW01_cmp2_width5       ForQA             saed32rvt_tt1p05v25c
*ADD_UNS_OP_4_4_4      ForQA             saed32rvt_tt1p05v25c
DW01_add_width4        ForQA             saed32rvt_tt1p05v25c
DW01_sub_width4        ForQA             saed32rvt_tt1p05v25c
DW01_add_width4        ForQA             saed32rvt_tt1p05v25c
DW01_cmp6_width5       ForQA             saed32rvt_tt1p05v25c
DW01_cmp6_width6       ForQA             saed32rvt_tt1p05v25c
*ADD_UNS_OP_6_1_6      ForQA             saed32rvt_tt1p05v25c
DW01_inc_width6        ForQA             saed32rvt_tt1p05v25c
DW01_cmp6_width5       ForQA             saed32rvt_tt1p05v25c
DW01_cmp6_width5       ForQA             saed32rvt_tt1p05v25c
DW01_cmp6_width5       ForQA             saed32rvt_tt1p05v25c
*MULT_TC_OP_9_8_16     ForQA             saed32rvt_tt1p05v25c
DW02_mult              ForQA             saed32rvt_tt1p05v25c
*ADD_TC_OP_12_12_13    ForQA             saed32rvt_tt1p05v25c
DW01_add_width13       ForQA             saed32rvt_tt1p05v25c
DW01_add_width13       ForQA             saed32rvt_tt1p05v25c


Global Operating Voltage = 1.05 
Power-specific unit information :
    Voltage Units = 1V
    Capacitance Units = 1.000000ff
    Time Units = 1ns
    Dynamic Power Units = 1uW    (derived from V,C,T units)
    Leakage Power Units = 1pW


Attributes
----------
i - Including register clock pin internal power


  Cell Internal Power  =   0.0000 uW    (0%)
  Net Switching Power  =   7.4783 uW  (100%)
                         ---------
Total Dynamic Power    =   7.4783 uW  (100%)

Cell Leakage Power     =   0.0000 pW


                 Internal         Switching           Leakage            Total
Power Group      Power            Power               Power              Power   (   %    )  Attrs
--------------------------------------------------------------------------------------------------
io_pad             0.0000            0.0000            0.0000            0.0000  (   0.00%)
memory             0.0000            0.0000            0.0000            0.0000  (   0.00%)
black_box          0.0000            0.0000            0.0000            0.0000  (   0.00%)
clock_network      0.0000            0.0000            0.0000            0.0000  (   0.00%)  i
register           0.0000            0.4565            0.0000            0.4565  (   6.10%)
sequential         0.0000            0.0000            0.0000            0.0000  (   0.00%)
combinational      0.0000            7.0217            0.0000            7.0217  (  93.90%)
--------------------------------------------------------------------------------------------------
Total              0.0000 uW         7.4783 uW         0.0000 pW         7.4783 uW
1
