 
****************************************
Report : qor
Design : pe_array
Version: T-2022.03-SP3
Date   : Mon Dec 11 21:48:08 2023
****************************************


  Timing Path Group 'core_clk'
  -----------------------------------
  Levels of Logic:              35.00
  Critical Path Length:          0.24
  Critical Path Slack:           1.56
  Critical Path Clk Period:      2.00
  Total Negative Slack:          0.00
  No. of Violating Paths:        0.00
  Worst Hold Violation:         -0.19
  Total Hold Violation:      -8029.24
  No. of Hold Violations:    50190.00
  -----------------------------------


  Cell Count
  -----------------------------------
  Hierarchical Cell Count:          0
  Hierarchical Port Count:          0
  Leaf Cell Count:              58558
  Buf/Inv Cell Count:           11988
  Buf Cell Count:                3965
  Inv Cell Count:                8023
  CT Buf/Inv Cell Count:            0
  Combinational Cell Count:     30514
  Sequential Cell Count:        28044
  Macro Count:                      0
  -----------------------------------


  Area
  -----------------------------------
  Combinational Area:        0.000000
  Noncombinational Area:     0.000000
  Buf/Inv Area:              0.000000
  Total Buffer Area:             0.00
  Total Inverter Area:           0.00
  Macro/Black Box Area:      0.000000
  Net Area:             101229.961352
  -----------------------------------
  Cell Area:                 0.000000
  Design Area:          101229.961352


  Design Rules
  -----------------------------------
  Total Number of Nets:         88717
  Nets With Violations:           167
  Max Trans Violations:           167
  Max Cap Violations:               0
  -----------------------------------


  Hostname: caen-vnc-mi07.engin.umich.edu

  Compile CPU Statistics
  -----------------------------------------
  Resource Sharing:                    0.00
  Logic Optimization:                  0.00
  Mapping Optimization:                0.00
  -----------------------------------------
  Overall Compile Time:                0.00
  Overall Compile Wall Clock Time:     0.00

  --------------------------------------------------------------------

  Design  WNS: 0.00  TNS: 0.00  Number of Violating Paths: 0


  Design (Hold)  WNS: 0.19  TNS: 8029.24  Number of Violating Paths: 50190

  --------------------------------------------------------------------


1
