Information: Propagating switching activity (low effort zero delay simulation). (PWR-6)
Warning: Design has unannotated primary inputs. (PWR-414)
Warning: Design has unannotated sequential cell outputs. (PWR-415)
Warning: Design has unannotated black box outputs. (PWR-428)
 
****************************************
Report : power
        -analysis_effort low
Design : pe_array
Version: T-2022.03-SP3
Date   : Thu Dec  7 14:14:44 2023
****************************************


Library(s) Used:

    gtech (File: /usr/caen/synopsys-synth-2022.03-SP3/libraries/syn/gtech.db)


Operating Conditions: tt1p05v25c   Library: saed32rvt_tt1p05v25c
Wire Load Model Mode: enclosed

Design        Wire Load Model            Library
------------------------------------------------
pe_array               ForQA             saed32rvt_tt1p05v25c


Global Operating Voltage = 1.05 
Power-specific unit information :
    Voltage Units = 1V
    Capacitance Units = 1.000000ff
    Time Units = 1ns
    Dynamic Power Units = 1uW    (derived from V,C,T units)
    Leakage Power Units = 1pW


Attributes
----------
i - Including register clock pin internal power


  Cell Internal Power  =   0.0000 uW    (0%)
  Net Switching Power  = 373.2502 uW  (100%)
                         ---------
Total Dynamic Power    = 373.2502 uW  (100%)

Cell Leakage Power     =   0.0000 pW


                 Internal         Switching           Leakage            Total
Power Group      Power            Power               Power              Power   (   %    )  Attrs
--------------------------------------------------------------------------------------------------
io_pad             0.0000            0.0000            0.0000            0.0000  (   0.00%)
memory             0.0000            0.0000            0.0000            0.0000  (   0.00%)
black_box          0.0000            0.0000            0.0000            0.0000  (   0.00%)
clock_network      0.0000            0.0000            0.0000            0.0000  (   0.00%)  i
register           0.0000           23.5264            0.0000           23.5264  (   6.30%)
sequential         0.0000            0.0000            0.0000            0.0000  (   0.00%)
combinational      0.0000          349.7276            0.0000          349.7276  (  93.70%)
--------------------------------------------------------------------------------------------------
Total              0.0000 uW       373.2540 uW         0.0000 pW       373.2540 uW
1
